// Jest Snapshot v1, https://goo.gl/fbAQLP

exports[`ContactInfomation Component renders correctly 1`] = `""`;
