// Jest Snapshot v1, https://goo.gl/fbAQLP

exports[`Error Component renders correctly 1`] = `
<Theme
  className="r4r-error"
  element="div"
>
  <h1>
    Error:
  </h1>
  <h3>
    Unknown Error: please try refreshing
  </h3>
  <p>
    Please try refreshing the page
  </p>
</Theme>
`;
