// Jest Snapshot v1, https://goo.gl/fbAQLP

exports[`FilterBox Component renders correctly 1`] = `""`;
