// Jest Snapshot v1, https://goo.gl/fbAQLP

exports[`PagerCounter Component renders correctly 1`] = `""`;
