// Jest Snapshot v1, https://goo.gl/fbAQLP

exports[`SelectedFiltersBox Component renders correctly 1`] = `""`;
