// Jest Snapshot v1, https://goo.gl/fbAQLP

exports[`Error Boundary HOC renders correctly 1`] = `""`;
