// Jest Snapshot v1, https://goo.gl/fbAQLP

exports[`NavigationHandler HOC renders correctly 1`] = `""`;
